// Jest Snapshot v1, https://goo.gl/fbAQLP

exports[`<Controls/> matches snapshot 1`] = `
<div
  className="controls panel"
>
  <button
    className="toggle-btn"
    data-testid="toggle-locked"
    disabled={true}
  >
    Lock Gate
  </button>
  <button
    className="toggle-btn"
    data-testid="toggle-closed "
  >
    Close Gate
  </button>
</div>
`;
